"elitest" 
